// Jest Snapshot v1, https://goo.gl/fbAQLP

exports[`Article Modal matches snapshot 1`] = `
<div>
  <div
    class="sc-gtsrHT kKQfMv article modal__card"
    data-testid="article-modal"
  >
    <div
      class="header"
    >
      <div
        class="sc-bdnxRM jtqCfW breadcrumb"
      >
        <span>
          science
        </span>
        <span>
          <svg
            aria-hidden="true"
            class="svg-inline--fa fa-chevron-right fa-w-10 "
            data-icon="chevron-right"
            data-prefix="fas"
            focusable="false"
            role="img"
            viewBox="0 0 320 512"
            xmlns="http://www.w3.org/2000/svg"
          >
            <path
              d="M285.476 272.971L91.132 467.314c-9.373 9.373-24.569 9.373-33.941 0l-22.667-22.667c-9.357-9.357-9.375-24.522-.04-33.901L188.505 256 34.484 101.255c-9.335-9.379-9.317-24.544.04-33.901l22.667-22.667c9.373-9.373 24.569-9.373 33.941 0L285.475 239.03c9.373 9.372 9.373 24.568.001 33.941z"
              fill="currentColor"
            />
          </svg>
          us
        </span>
        
      </div>
    </div>
    <div
      class="body"
    >
      <figure>
        <picture
          style="padding-top: 85.64453125%;"
        >
          <img
            alt=""
            src="https://static01.nyt.com/images/2021/05/20/us/00SpaceX-Texasborder-1/merlin_187098138_f5c9cf82-e2ba-4877-956e-0303dcd7859d-superJumbo.jpg"
          />
        </picture>
        <figcaption>
          
          <span>
            Christopher Lee for The New York Times
          </span>
        </figcaption>
      </figure>
      <div>
        <h6 />
        <h3>
          A Serene Shore Resort, Except for the SpaceX ‘Ball of Fire’
        </h3>
        <span>
          By Edgar Sandoval and Richard Webner
        </span>
        <span>
          May 24, 2021 11:24 AM
        </span>
        <p>
          For years, those in a rural Texas village cherished living among nature and wildlife. Elon Musk’s SpaceX has brought new fears and the promise of an economic boost to one of America’s poorest corners.
        </p>
      </div>
    </div>
    <div
      class="footer"
    >
      <a
        class="button"
        href="https://www.nytimes.com/2021/05/24/us/space-x-boca-chica-texas.html"
        rel="noreferrer"
        target="_blank"
      >
        <svg
          aria-hidden="true"
          class="svg-inline--fa fa-external-link-alt fa-w-16 "
          data-icon="external-link-alt"
          data-prefix="fas"
          focusable="false"
          role="img"
          viewBox="0 0 512 512"
          xmlns="http://www.w3.org/2000/svg"
        >
          <path
            d="M432,320H400a16,16,0,0,0-16,16V448H64V128H208a16,16,0,0,0,16-16V80a16,16,0,0,0-16-16H48A48,48,0,0,0,0,112V464a48,48,0,0,0,48,48H400a48,48,0,0,0,48-48V336A16,16,0,0,0,432,320ZM488,0h-128c-21.37,0-32.05,25.91-17,41l35.73,35.73L135,320.37a24,24,0,0,0,0,34L157.67,377a24,24,0,0,0,34,0L435.28,133.32,471,169c15,15,41,4.5,41-17V24A24,24,0,0,0,488,0Z"
            fill="currentColor"
          />
        </svg>
        READ
      </a>
    </div>
  </div>
   
  <button>
    Trigger
  </button>
</div>
`;
