// Jest Snapshot v1, https://goo.gl/fbAQLP

exports[`Header matches snapshot 1`] = `
<header
  class="sc-bdnxRM ebltpS header"
>
  <a
    data-test="nyt-logo"
    href="https://www.nytimes.com/"
    rel="noreferrer"
    target="_blank"
  >
    <img
      alt="The New York Times"
      src="logo.svg"
    />
  </a>
</header>
`;
